{
  "id": "0f924a5c-a8ef-506a-bfec-3d1591c9325a",
  "name": "ambassador",
  "version": "6.9.5",
  "displayName": "Ambassador",
  "hostname": "artifacthub",
  "hostID": "9a672bbb-51a1-5586-8dfc-75013445eebb",
  "displayhostname": "artifacthub",
  "category": {
    "name": "Cloud Native Network",
    "metadata": null
  },
  "metadata": {
    "isAnnotation": false,
    "source_uri": "https://wenerme.github.io/charts/ambassador-6.9.5.tgz",
    "svgColor": "ui\\public\\static\\img\\meshmodels\\ambassador\\color\\ambassador-color.svg",
    "svgWhite": "ui\\public\\static\\img\\meshmodels\\ambassador\\white\\ambassador-white.svg"
  },
  "components": [],
  "relationships": []
}
